Microchip MPLAB XC8 Compiler V1.45 ()

Linker command line:

-W-3 --edf=/Applications/microchip/xc8/v1.45/dat/en_msgs.txt -cs \
  -h+dist/default/production/test.X.production.sym \
  --cmf=dist/default/production/test.X.production.cmf -z -Q16F1705 \
  -o/tmp/xcmCUv9yy -Mdist/default/production/test.X.production.map -E1 \
  -ver=XC8 -ASTACK=02074h-023efh -pstack=STACK -ACODE=00h-07FFhx4 \
  -ASTRCODE=00h-01FFFh -ASTRING=00h-0FFhx32 -ACONST=00h-0FFhx32 \
  -AENTRY=00h-0FFhx32 -ACOMMON=070h-07Fh -ABANK0=020h-06Fh \
  -ABANK1=0A0h-0EFh -ABANK2=0120h-016Fh -ABANK3=01A0h-01EFh \
  -ABANK4=0220h-026Fh -ABANK5=02A0h-02EFh -ABANK6=0320h-036Fh \
  -ABANK7=03A0h-03EFh -ABANK8=0420h-046Fh -ABANK9=04A0h-04EFh \
  -ABANK10=0520h-056Fh -ABANK11=05A0h-05EFh -ABANK12=0620h-064Fh \
  -ABIGRAM=02000h-023EFh \
  -ARAM=020h-06Fh,0A0h-0EFh,0120h-016Fh,01A0h-01EFh,0220h-026Fh,02A0h-02EFh,0320h-036Fh,03A0h-03EFh,0420h-046Fh,04A0h-04EFh,0520h-056Fh,05A0h-05EFh,0620h-064Fh \
  -AABS1=020h-07Fh,0A0h-0EFh,0120h-016Fh,01A0h-01EFh,0220h-026Fh,02A0h-02EFh,0320h-036Fh,03A0h-03EFh,0420h-046Fh,04A0h-04EFh,0520h-056Fh,05A0h-05EFh,0620h-064Fh \
  -ASFR0=00h-01Fh -ASFR1=080h-09Fh -ASFR2=0100h-011Fh -ASFR3=0180h-019Fh \
  -ASFR4=0200h-021Fh -ASFR5=0280h-029Fh -ASFR6=0300h-031Fh \
  -ASFR7=0380h-039Fh -ASFR8=0400h-041Fh -ASFR9=0480h-049Fh \
  -ASFR10=0500h-051Fh -ASFR11=0580h-059Fh -ASFR12=0600h-061Fh \
  -ASFR13=0680h-06EFh -ASFR14=0700h-076Fh -ASFR15=0780h-07EFh \
  -ASFR16=0800h-086Fh -ASFR17=0880h-08EFh -ASFR18=0900h-096Fh \
  -ASFR19=0980h-09EFh -ASFR20=0A00h-0A6Fh -ASFR21=0A80h-0AEFh \
  -ASFR22=0B00h-0B6Fh -ASFR23=0B80h-0BEFh -ASFR24=0C00h-0C6Fh \
  -ASFR25=0C80h-0CEFh -ASFR26=0D00h-0D6Fh -ASFR27=0D80h-0DEFh \
  -ASFR28=0E00h-0E6Fh -ASFR29=0E80h-0EEFh -ASFR30=0F00h-0F6Fh \
  -ASFR31=0F80h-0FEFh -preset_vec=00h,intentry=04h,init,end_init \
  -ppowerup=CODE -pcinit=CODE -pfunctab=ENTRY -ACONFIG=08007h-08008h \
  -pconfig=CONFIG -DCONFIG=2 -AIDLOC=08000h-08003h -pidloc=IDLOC -DIDLOC=2 \
  -DCODE=2 -DSTRCODE=2 -DSTRING=2 -DCONST=2 -DENTRY=2 -k /tmp/xcFMhQD4q.obj \
  dist/default/production/test.X.production.obj 

Object code version is 3.11

Machine type is 16F1705



                Name                               Link     Load   Length Selector   Space Scale
/tmp/xcFMhQD4q.obj
                end_init                             32       32        2        8       0
                reset_vec                             0        0        2        0       0
                config                             8007     8007        2    1000E       0
dist/default/production/test.X.production.obj
                cinit                                34       34        9        8       0
                intentry                              4        4       2E        8       0
                text23                              F19      F19        C     1E32       0
                text21                              FCC      FCC       34     1F98       0
                text20                              686      686       64        8       0
                text19                              F4B      F4B       15     1E96       0
                text18                              F7B      F7B       23     1EF6       0
                text17                              7F9      7F9        7        8       0
                text16                              F09      F09        8     1E12       0
                text15                              F37      F37       14     1E6E       0
                text14                              F25      F25       12     1E4A       0
                text13                              4D1      4D1       A9        8       0
                text12                              F11      F11        8     1E22       0
                text11                              327      327       F6        8       0
                text10                              F9E      F9E       2E     1F3C       0
                text9                               41D      41D       B4        8       0
                text8                               F60      F60       1B     1EC0       0
                text7                               6EA      6EA       60        8       0
                text6                               787      787       3D        8       0
                text5                               74A      74A       3D        8       0
                text4                               57A      57A       87        8       0
                text3                               7C4      7C4       35        8       0
                text2                               601      601       85        8       0
                text1                                3D       3D      19F        8       0
                maintext                            1DC      1DC      14B        8       0
                cstackBANK0                          20       20       50       20       1
                cstackCOMMON                         70       70        A       70       1
                cstackBANK1                          A0       A0       1C       A0       1
                bssBANK1                             C2       C2        2       A0       1
                bssCOMMON                            7A       7A        2       70       1
                nvBANK1                              BC       BC        6       A0       1
                stringtext2                        100F     100F        C     2000       0
                stringtext1                        1000     1000        F     2000       0

TOTAL           Name                               Link     Load   Length     Space
        CLASS   STACK          

        CLASS   CODE           
                end_init                             32       32        2         0
                cinit                                34       34        9         0
                intentry                              4        4       2E         0
                reset_vec                             0        0        2         0
                text23                              F19      F19        C         0
                text21                              FCC      FCC       34         0
                text20                              686      686       64         0
                text19                              F4B      F4B       15         0
                text18                              F7B      F7B       23         0
                text17                              7F9      7F9        7         0
                text16                              F09      F09        8         0
                text15                              F37      F37       14         0
                text14                              F25      F25       12         0
                text13                              4D1      4D1       A9         0
                text12                              F11      F11        8         0
                text11                              327      327       F6         0
                text10                              F9E      F9E       2E         0
                text9                               41D      41D       B4         0
                text8                               F60      F60       1B         0
                text7                               6EA      6EA       60         0
                text6                               787      787       3D         0
                text5                               74A      74A       3D         0
                text4                               57A      57A       87         0
                text3                               7C4      7C4       35         0
                text2                               601      601       85         0
                text1                                3D       3D      19F         0
                maintext                            1DC      1DC      14B         0

        CLASS   STRCODE        
                stringtext2                        100F     100F        C         0
                stringtext1                        1000     1000        F         0

        CLASS   STRING         

        CLASS   CONST          

        CLASS   ENTRY          

        CLASS   COMMON         
                cstackCOMMON                         70       70        A         1
                bssCOMMON                            7A       7A        2         1

        CLASS   BANK0          
                cstackBANK0                          20       20       50         1

        CLASS   BANK1          
                cstackBANK1                          A0       A0       1C         1
                bssBANK1                             C2       C2        2         1
                nvBANK1                              BC       BC        6         1

        CLASS   BANK2          

        CLASS   BANK3          

        CLASS   BANK4          

        CLASS   BANK5          

        CLASS   BANK6          

        CLASS   BANK7          

        CLASS   BANK8          

        CLASS   BANK9          

        CLASS   BANK10         

        CLASS   BANK11         

        CLASS   BANK12         

        CLASS   BIGRAM         

        CLASS   RAM            

        CLASS   ABS1           
                abs_s1                               7E       7E        2         1

        CLASS   SFR0           

        CLASS   SFR1           

        CLASS   SFR2           

        CLASS   SFR3           

        CLASS   SFR4           

        CLASS   SFR5           

        CLASS   SFR6           

        CLASS   SFR7           

        CLASS   SFR8           

        CLASS   SFR9           

        CLASS   SFR10          

        CLASS   SFR11          

        CLASS   SFR12          

        CLASS   SFR13          

        CLASS   SFR14          

        CLASS   SFR15          

        CLASS   SFR16          

        CLASS   SFR17          

        CLASS   SFR18          

        CLASS   SFR19          

        CLASS   SFR20          

        CLASS   SFR21          

        CLASS   SFR22          

        CLASS   SFR23          

        CLASS   SFR24          

        CLASS   SFR25          

        CLASS   SFR26          

        CLASS   SFR27          

        CLASS   SFR28          

        CLASS   SFR29          

        CLASS   SFR30          

        CLASS   SFR31          

        CLASS   CONFIG         
                config                             8007     8007        2         0

        CLASS   IDLOC          

        CLASS   BANK31         

        CLASS   BANK30         

        CLASS   BANK29         

        CLASS   BANK28         

        CLASS   BANK27         

        CLASS   BANK26         

        CLASS   BANK25         

        CLASS   BANK24         

        CLASS   BANK23         

        CLASS   BANK22         

        CLASS   BANK21         

        CLASS   BANK20         

        CLASS   BANK19         

        CLASS   BANK18         

        CLASS   BANK17         

        CLASS   BANK16         

        CLASS   BANK15         

        CLASS   BANK14         

        CLASS   BANK13         

        CLASS   EEDATA         



SEGMENTS        Name                           Load    Length   Top    Selector   Space  Class     Delta

                reset_vec                      000000  000002  000002         0       0  CODE        2
                intentry                       000004  0007FC  000800         8       0  CODE        2
                cstackBANK0                    000020  000050  000070        20       1  BANK0       1
                cstackCOMMON                   000070  00000C  00007C        70       1  COMMON      1
                cstackBANK1                    0000A0  000024  0000C4        A0       1  BANK1       1
                text16                         000F09  000008  000F11      1E12       0  CODE        2
                text12                         000F11  000008  000F19      1E22       0  CODE        2
                text23                         000F19  00000C  000F25      1E32       0  CODE        2
                text14                         000F25  000012  000F37      1E4A       0  CODE        2
                text15                         000F37  000014  000F4B      1E6E       0  CODE        2
                text19                         000F4B  000015  000F60      1E96       0  CODE        2
                text8                          000F60  00001B  000F7B      1EC0       0  CODE        2
                text18                         000F7B  000023  000F9E      1EF6       0  CODE        2
                text10                         000F9E  00002E  000FCC      1F3C       0  CODE        2
                text21                         000FCC  000034  001000      1F98       0  CODE        2
                stringtext1                    001000  00001B  00101B      2000       0  STRCODE     2
                config                         008007  000002  008009     1000E       0  CONFIG      2


UNUSED ADDRESS RANGES

        Name                Unused          Largest block    Delta
        BANK1            000C4-000EF              2C           1
        BANK10           00520-0056F              50           1
        BANK11           005A0-005EF              50           1
        BANK12           00620-0064F              30           1
        BANK2            00120-0016F              50           1
        BANK3            001A0-001EF              50           1
        BANK4            00220-0026F              50           1
        BANK5            002A0-002EF              50           1
        BANK6            00320-0036F              50           1
        BANK7            003A0-003EF              50           1
        BANK8            00420-0046F              50           1
        BANK9            004A0-004EF              50           1
        BIGRAM           02000-023EF             3F0           1
        CODE             00002-00003               2           2
                         00800-00F08             709
                         0101B-01FFF             7E5
        COMMON           0007C-0007D               2           1
        CONST            00002-00003               2           2
                         00800-00F08             100
                         0101B-01FFF             100
        ENTRY            00002-00003               2           2
                         00800-00F08             100
                         0101B-01FFF             100
        IDLOC            08000-08003               4           2
        RAM              000C4-000EF              2C           1
                         00120-0016F              50
                         001A0-001EF              50
                         00220-0026F              50
                         002A0-002EF              50
                         00320-0036F              50
                         003A0-003EF              50
                         00420-0046F              50
                         004A0-004EF              50
                         00520-0056F              50
                         005A0-005EF              50
                         00620-0064F              30
        SFR0             00000-0001F              20           1
        SFR1             00080-0009F              20           1
        SFR10            00500-0051F              20           1
        SFR11            00580-0059F              20           1
        SFR12            00600-0061F              20           1
        SFR13            00680-006EF              70           1
        SFR14            00700-0076F              70           1
        SFR15            00780-007EF              70           1
        SFR16            00800-0086F              70           1
        SFR17            00880-008EF              70           1
        SFR18            00900-0096F              70           1
        SFR19            00980-009EF              70           1
        SFR2             00100-0011F              20           1
        SFR20            00A00-00A6F              70           1
        SFR21            00A80-00AEF              70           1
        SFR22            00B00-00B6F              70           1
        SFR23            00B80-00BEF              70           1
        SFR24            00C00-00C6F              70           1
        SFR25            00C80-00CEF              70           1
        SFR26            00D00-00D6F              70           1
        SFR27            00D80-00DEF              70           1
        SFR28            00E00-00E6F              70           1
        SFR29            00E80-00EEF              70           1
        SFR3             00180-0019F              20           1
        SFR30            00F00-00F6F              70           1
        SFR31            00F80-00FEF              70           1
        SFR4             00200-0021F              20           1
        SFR5             00280-0029F              20           1
        SFR6             00300-0031F              20           1
        SFR7             00380-0039F              20           1
        SFR8             00400-0041F              20           1
        SFR9             00480-0049F              20           1
        STACK            02074-023EF             37C           1
        STRCODE          00002-00003               2           2
                         00800-00F08             709
                         0101B-01FFF             FE5
        STRING           00002-00003               2           2
                         00800-00F08             100
                         0101B-01FFF             100

                                  Symbol Table

?___altoft               cstackBANK0  0005B
?___ftadd                cstackBANK0  00040
?___ftdiv                cstackBANK0  00030
?___ftmul                cstackBANK0  00020
?___ftneg                cstackCOMMON 00072
?___ftpack               cstackCOMMON 00072
?___ftsub                cstackBANK1  000A0
?___fttol                cstackBANK0  0004D
?___lwdiv                cstackCOMMON 00072
?___lwtoft               cstackBANK0  00020
?___wmul                 cstackCOMMON 00072
?_adconv                 cstackCOMMON 00072
?_eval_poly              cstackBANK0  0004D
?_floor                  cstackBANK0  00063
?_sin                    cstackBANK0  0006C
_ADCON0                  (abs)        0009D
_ADCON1                  (abs)        0009E
_ADRESH                  (abs)        0009C
_ADRESL                  (abs)        0009B
_ANSELA                  (abs)        0018C
_ANSELAbits              (abs)        0018C
_ANSELC                  (abs)        0018E
_BAUD1CON                (abs)        0019F
_BAUD1CONbits            (abs)        0019F
_CCP1CON                 (abs)        00293
_CCPR1L                  (abs)        00291
_DAC1CON0                (abs)        00118
_DAC1CON1                (abs)        00119
_GO_nDONE                (abs)        004E9
_INTCON                  (abs)        0000B
_INTCONbits              (abs)        0000B
_INTPPS                  (abs)        00E10
_OPTION_REG              (abs)        00095
_OSCCON                  (abs)        00099
_PORTA                   (abs)        0000C
_PORTAbits               (abs)        0000C
_PORTC                   (abs)        0000E
_PR2                     (abs)        0001B
_PWM3DCH                 (abs)        00618
_PWM3DCL                 (abs)        00617
_RC1STAbits              (abs)        0019D
_RC2PPS                  (abs)        00EA2
_RC4PPS                  (abs)        00EA4
_SP1BRGH                 (abs)        0019C
_SP1BRGL                 (abs)        0019B
_T2CON                   (abs)        0001C
_TMR0                    (abs)        00015
_TMR0IF                  (abs)        0005A
_TMR2                    (abs)        0001A
_TMR2ON                  (abs)        000E2
_TRISA                   (abs)        0008C
_TRISAbits               (abs)        0008C
_TRISC                   (abs)        0008E
_TRISCbits               (abs)        0008E
_TX1REG                  (abs)        0019A
_TX1STA                  (abs)        0019E
_TX1STAbits              (abs)        0019E
_WPUA                    (abs)        0020C
__CFG_BOREN$OFF          (abs)        00000
__CFG_BORV$HI            (abs)        00000
__CFG_CLKOUTEN$OFF       (abs)        00000
__CFG_CP$OFF             (abs)        00000
__CFG_FCMEN$OFF          (abs)        00000
__CFG_FOSC$INTOSC        (abs)        00000
__CFG_IESO$OFF           (abs)        00000
__CFG_LPBOR$OFF          (abs)        00000
__CFG_LVP$ON             (abs)        00000
__CFG_MCLRE$OFF          (abs)        00000
__CFG_PLLEN$OFF          (abs)        00000
__CFG_PPS1WAY$OFF        (abs)        00000
__CFG_PWRTE$ON           (abs)        00000
__CFG_STVREN$ON          (abs)        00000
__CFG_WDTE$OFF           (abs)        00000
__CFG_WRT$OFF            (abs)        00000
__CFG_ZCDDIS$ON          (abs)        00000
__Habs1                  abs1         00000
__Hbank0                 bank0        00000
__Hbank1                 bank1        00000
__Hbank10                bank10       00000
__Hbank11                bank11       00000
__Hbank12                bank12       00000
__Hbank13                bank13       00000
__Hbank14                bank14       00000
__Hbank15                bank15       00000
__Hbank16                bank16       00000
__Hbank17                bank17       00000
__Hbank18                bank18       00000
__Hbank19                bank19       00000
__Hbank2                 bank2        00000
__Hbank20                bank20       00000
__Hbank21                bank21       00000
__Hbank22                bank22       00000
__Hbank23                bank23       00000
__Hbank24                bank24       00000
__Hbank25                bank25       00000
__Hbank26                bank26       00000
__Hbank27                bank27       00000
__Hbank28                bank28       00000
__Hbank29                bank29       00000
__Hbank3                 bank3        00000
__Hbank30                bank30       00000
__Hbank31                bank31       00000
__Hbank4                 bank4        00000
__Hbank5                 bank5        00000
__Hbank6                 bank6        00000
__Hbank7                 bank7        00000
__Hbank8                 bank8        00000
__Hbank9                 bank9        00000
__Hbigram                bigram       00000
__HbssBANK1              bssBANK1     00000
__HbssCOMMON             bssCOMMON    00000
__Hcinit                 cinit        0003D
__Hclrtext               clrtext      00000
__Hcode                  code         00000
__Hcommon                common       00000
__Hconfig                config       08009
__HcstackBANK0           cstackBANK0  00000
__HcstackBANK1           cstackBANK1  00000
__HcstackCOMMON          cstackCOMMON 00000
__Heeprom_data           eeprom_data  00000
__Hend_init              end_init     00034
__Hfunctab               functab      00000
__Hidloc                 idloc        00000
__Hinit                  init         00032
__Hintentry              intentry     00032
__Hmaintext              maintext     00000
__HnvBANK1               nvBANK1      00000
__Hpowerup               powerup      00000
__Hram                   ram          00000
__Hreset_vec             reset_vec    00002
__Hsfr0                  sfr0         00000
__Hsfr1                  sfr1         00000
__Hsfr10                 sfr10        00000
__Hsfr11                 sfr11        00000
__Hsfr12                 sfr12        00000
__Hsfr13                 sfr13        00000
__Hsfr14                 sfr14        00000
__Hsfr15                 sfr15        00000
__Hsfr16                 sfr16        00000
__Hsfr17                 sfr17        00000
__Hsfr18                 sfr18        00000
__Hsfr19                 sfr19        00000
__Hsfr2                  sfr2         00000
__Hsfr20                 sfr20        00000
__Hsfr21                 sfr21        00000
__Hsfr22                 sfr22        00000
__Hsfr23                 sfr23        00000
__Hsfr24                 sfr24        00000
__Hsfr25                 sfr25        00000
__Hsfr26                 sfr26        00000
__Hsfr27                 sfr27        00000
__Hsfr28                 sfr28        00000
__Hsfr29                 sfr29        00000
__Hsfr3                  sfr3         00000
__Hsfr30                 sfr30        00000
__Hsfr31                 sfr31        00000
__Hsfr4                  sfr4         00000
__Hsfr5                  sfr5         00000
__Hsfr6                  sfr6         00000
__Hsfr7                  sfr7         00000
__Hsfr8                  sfr8         00000
__Hsfr9                  sfr9         00000
__Hspace_0               (abs)        08009
__Hspace_1               (abs)        000C4
__Hspace_2               (abs)        00000
__Hspace_3               (abs)        00000
__Hstack                 stack        00000
__Hstrings               strings      00000
__Hstringtext1           stringtext1  00000
__Hstringtext2           stringtext2  00000
__Htext                  text         00000
__Labs1                  abs1         00000
__Lbank0                 bank0        00000
__Lbank1                 bank1        00000
__Lbank10                bank10       00000
__Lbank11                bank11       00000
__Lbank12                bank12       00000
__Lbank13                bank13       00000
__Lbank14                bank14       00000
__Lbank15                bank15       00000
__Lbank16                bank16       00000
__Lbank17                bank17       00000
__Lbank18                bank18       00000
__Lbank19                bank19       00000
__Lbank2                 bank2        00000
__Lbank20                bank20       00000
__Lbank21                bank21       00000
__Lbank22                bank22       00000
__Lbank23                bank23       00000
__Lbank24                bank24       00000
__Lbank25                bank25       00000
__Lbank26                bank26       00000
__Lbank27                bank27       00000
__Lbank28                bank28       00000
__Lbank29                bank29       00000
__Lbank3                 bank3        00000
__Lbank30                bank30       00000
__Lbank31                bank31       00000
__Lbank4                 bank4        00000
__Lbank5                 bank5        00000
__Lbank6                 bank6        00000
__Lbank7                 bank7        00000
__Lbank8                 bank8        00000
__Lbank9                 bank9        00000
__Lbigram                bigram       00000
__LbssBANK1              bssBANK1     00000
__LbssCOMMON             bssCOMMON    00000
__Lcinit                 cinit        00034
__Lclrtext               clrtext      00000
__Lcode                  code         00000
__Lcommon                common       00000
__Lconfig                config       08007
__LcstackBANK0           cstackBANK0  00000
__LcstackBANK1           cstackBANK1  00000
__LcstackCOMMON          cstackCOMMON 00000
__Leeprom_data           eeprom_data  00000
__Lend_init              end_init     00032
__Lfunctab               functab      00000
__Lidloc                 idloc        00000
__Linit                  init         00032
__Lintentry              intentry     00004
__Lmaintext              maintext     00000
__LnvBANK1               nvBANK1      00000
__Lpowerup               powerup      00000
__Lram                   ram          00000
__Lreset_vec             reset_vec    00000
__Lsfr0                  sfr0         00000
__Lsfr1                  sfr1         00000
__Lsfr10                 sfr10        00000
__Lsfr11                 sfr11        00000
__Lsfr12                 sfr12        00000
__Lsfr13                 sfr13        00000
__Lsfr14                 sfr14        00000
__Lsfr15                 sfr15        00000
__Lsfr16                 sfr16        00000
__Lsfr17                 sfr17        00000
__Lsfr18                 sfr18        00000
__Lsfr19                 sfr19        00000
__Lsfr2                  sfr2         00000
__Lsfr20                 sfr20        00000
__Lsfr21                 sfr21        00000
__Lsfr22                 sfr22        00000
__Lsfr23                 sfr23        00000
__Lsfr24                 sfr24        00000
__Lsfr25                 sfr25        00000
__Lsfr26                 sfr26        00000
__Lsfr27                 sfr27        00000
__Lsfr28                 sfr28        00000
__Lsfr29                 sfr29        00000
__Lsfr3                  sfr3         00000
__Lsfr30                 sfr30        00000
__Lsfr31                 sfr31        00000
__Lsfr4                  sfr4         00000
__Lsfr5                  sfr5         00000
__Lsfr6                  sfr6         00000
__Lsfr7                  sfr7         00000
__Lsfr8                  sfr8         00000
__Lsfr9                  sfr9         00000
__Lspace_0               (abs)        00000
__Lspace_1               (abs)        00000
__Lspace_2               (abs)        00000
__Lspace_3               (abs)        00000
__Lstack                 stack        00000
__Lstrings               strings      00000
__Lstringtext1           stringtext1  00000
__Lstringtext2           stringtext2  00000
__Ltext                  text         00000
__S0                     (abs)        08009
__S1                     (abs)        000C4
__S2                     (abs)        00000
___altoft                text6        00787
___altoft@c              cstackBANK0  0005B
___altoft@exp            cstackBANK0  00061
___altoft@sign           cstackBANK0  00062
___ftadd                 text11       00327
___ftadd@exp1            cstackBANK0  0004C
___ftadd@exp2            cstackBANK0  0004B
___ftadd@f1              cstackBANK0  00040
___ftadd@f2              cstackBANK0  00043
___ftadd@sign            cstackBANK0  0004A
___ftdiv                 text13       004D1
___ftdiv@cntr            cstackBANK0  0003A
___ftdiv@exp             cstackBANK0  0003E
___ftdiv@f1              cstackBANK0  00033
___ftdiv@f2              cstackBANK0  00030
___ftdiv@f3              cstackBANK0  0003B
___ftdiv@sign            cstackBANK0  0003F
___ftge                  text5        0074A
___ftge@ff1              cstackCOMMON 00072
___ftge@ff2              cstackCOMMON 00075
___ftmul                 text9        0041D
___ftmul@cntr            cstackBANK0  0002E
___ftmul@exp             cstackBANK0  0002A
___ftmul@f1              cstackBANK0  00020
___ftmul@f2              cstackBANK0  00023
___ftmul@f3_as_product   cstackBANK0  0002B
___ftmul@sign            cstackBANK0  0002F
___ftneg                 text12       00F11
___ftneg@f1              cstackCOMMON 00072
___ftpack                text20       00686
___ftpack@arg            cstackCOMMON 00072
___ftpack@exp            cstackCOMMON 00075
___ftpack@sign           cstackCOMMON 00076
___ftsub                 text10       00F9E
___ftsub@f1              cstackBANK1  000A3
___ftsub@f2              cstackBANK1  000A0
___fttol                 text4        0057A
___fttol@exp1            cstackBANK0  0005A
___fttol@f1              cstackBANK0  0004D
___fttol@lval            cstackBANK0  00056
___fttol@sign1           cstackBANK0  00055
___int_sp                stack        00000
___latbits               (abs)        00002
___lwdiv                 text21       00FCC
___lwdiv@counter         cstackCOMMON 00079
___lwdiv@dividend        cstackCOMMON 00074
___lwdiv@divisor         cstackCOMMON 00072
___lwdiv@quotient        cstackCOMMON 00077
___lwtoft                text19       00F4B
___lwtoft@c              cstackBANK0  00020
___sp                    stack        00000
___wmul                  text8        00F60
___wmul@multiplicand     cstackCOMMON 00074
___wmul@multiplier       cstackCOMMON 00072
___wmul@product          cstackCOMMON 00076
__end_of___altoft        text6        007C4
__end_of___ftadd         text11       0041D
__end_of___ftdiv         text13       0057A
__end_of___ftge          text5        00787
__end_of___ftmul         text9        004D1
__end_of___ftneg         text12       00F19
__end_of___ftpack        text20       006EA
__end_of___ftsub         text10       00FCC
__end_of___fttol         text4        00601
__end_of___lwdiv         text21       01000
__end_of___lwtoft        text19       00F60
__end_of___wmul          text8        00F7B
__end_of__initialization cinit        00039
__end_of_adconv          text18       00F9E
__end_of_eval_poly       text7        0074A
__end_of_flip_led        text23       00F25
__end_of_floor           text2        00686
__end_of_frexp           text3        007F9
__end_of_isr_func        intentry     00032
__end_of_main            maintext     00327
__end_of_setup_dac       text17       00800
__end_of_setup_irq       text16       00F11
__end_of_setup_sci       text15       00F4B
__end_of_setup_tmr       text14       00F37
__end_of_sin             text1        001DC
__end_ofsin@coeff_a      stringtext1  0100F
__end_ofsin@coeff_b      stringtext2  0101B
__initialization         cinit        00034
__pbssBANK1              bssBANK1     000C2
__pbssCOMMON             bssCOMMON    0007A
__pcstackBANK0           cstackBANK0  00020
__pcstackBANK1           cstackBANK1  000A0
__pcstackCOMMON          cstackCOMMON 00070
__pintentry              intentry     00004
__pmaintext              maintext     001DC
__pnvBANK1               nvBANK1      000BC
__pstringtext1           stringtext1  01000
__pstringtext2           stringtext2  0100F
__ptext1                 text1        0003D
__ptext10                text10       00F9E
__ptext11                text11       00327
__ptext12                text12       00F11
__ptext13                text13       004D1
__ptext14                text14       00F25
__ptext15                text15       00F37
__ptext16                text16       00F09
__ptext17                text17       007F9
__ptext18                text18       00F7B
__ptext19                text19       00F4B
__ptext2                 text2        00601
__ptext20                text20       00686
__ptext21                text21       00FCC
__ptext23                text23       00F19
__ptext3                 text3        007C4
__ptext4                 text4        0057A
__ptext5                 text5        0074A
__ptext6                 text6        00787
__ptext7                 text7        006EA
__ptext8                 text8        00F60
__ptext9                 text9        0041D
__size_of___altoft       (abs)        00000
__size_of___ftadd        (abs)        00000
__size_of___ftdiv        (abs)        00000
__size_of___ftge         (abs)        00000
__size_of___ftmul        (abs)        00000
__size_of___ftneg        (abs)        00000
__size_of___ftpack       (abs)        00000
__size_of___ftsub        (abs)        00000
__size_of___fttol        (abs)        00000
__size_of___lwdiv        (abs)        00000
__size_of___lwtoft       (abs)        00000
__size_of___wmul         (abs)        00000
__size_of_adconv         (abs)        00000
__size_of_eval_poly      (abs)        00000
__size_of_flip_led       (abs)        00000
__size_of_floor          (abs)        00000
__size_of_frexp          (abs)        00000
__size_of_isr_func       (abs)        00000
__size_of_main           (abs)        00000
__size_of_setup_dac      (abs)        00000
__size_of_setup_irq      (abs)        00000
__size_of_setup_sci      (abs)        00000
__size_of_setup_tmr      (abs)        00000
__size_of_sin            (abs)        00000
_adconv                  text18       00F7B
_eval_poly               text7        006EA
_flip_led                text23       00F19
_floor                   text2        00601
_frexp                   text3        007C4
_isr_func                intentry     00004
_main                    maintext     001DC
_main$674                cstackBANK1  000B4
_main$675                cstackBANK1  000B7
_setup_dac               text17       007F9
_setup_irq               text16       00F09
_setup_sci               text15       00F37
_setup_tmr               text14       00F25
_sin                     text1        0003D
_sin$676                 cstackBANK1  000A9
adconv@temp              cstackBANK0  00020
btemp                    (abs)        0007E
end_of_initialization    cinit        00039
eval_poly@d              cstackBANK0  00050
eval_poly@n              cstackBANK0  00052
eval_poly@res            cstackBANK0  00054
eval_poly@x              cstackBANK0  0004D
floor@expon              cstackBANK0  0006A
floor@i                  cstackBANK0  00067
floor@x                  cstackBANK0  00063
frexp@eptr               cstackCOMMON 00075
frexp@value              cstackCOMMON 00072
int$flags                (abs)        0007E
intlevel0                functab      00000
intlevel1                functab      00000
intlevel2                functab      00000
intlevel3                functab      00000
intlevel4                functab      00000
intlevel5                functab      00000
isr_func@tm              bssCOMMON    0007A
main@num                 cstackBANK1  000BA
main@xd                  nvBANK1      000BF
main@yd                  nvBANK1      000BC
reset_vec                reset_vec    00000
sin@coeff_a              stringtext1  01000
sin@coeff_b              stringtext2  0100F
sin@f                    cstackBANK0  0006C
sin@sgn                  cstackBANK1  000AF
sin@x2                   cstackBANK1  000AC
sin@y                    cstackBANK1  000A6
stackhi                  (abs)        023EF
stacklo                  (abs)        02074
start                    init         00032
start_initialization     cinit        00034
wtemp0                   (abs)        0007E


FUNCTION INFORMATION:

 *************** function _main *****************
 Defined at:
		line 65 in file "main.c"
 Parameters:    Size  Location     Type
  argc            2   16[BANK1 ] int 
  argv            2   18[BANK1 ] PTR PTR unsigned char 
 Auto vars:     Size  Location     Type
  num             2   26[BANK1 ] unsigned int 
 Return value:  Size  Location     Type
                  2   16[BANK1 ] int 
 Registers used:
		wreg, fsr0l, fsr0h, fsr1l, fsr1h, status,2, status,0, pclath, cstack
 Tracked objects:
		On entry : 
		On exit  : 
		Unchanged: 
 Data sizes:     COMMON   BANK0   BANK1   BANK2   BANK3   BANK4   BANK5   BANK6   BANK7   BANK8   BANK9  BANK10  BANK11  BANK12
      Params:         0       0       4       0       0       0       0       0       0       0       0       0       0       0
      Locals:         0       0       8       0       0       0       0       0       0       0       0       0       0       0
      Temps:          0       0       0       0       0       0       0       0       0       0       0       0       0       0
      Totals:         0       0      12       0       0       0       0       0       0       0       0       0       0       0
Total ram usage:       12 bytes
 Hardware stack levels required when called:    6
 This function calls:
		___ftadd
		___ftdiv
		___ftge
		___ftmul
		___fttol
		___lwdiv
		___lwtoft
		_adconv
		_setup_dac
		_setup_irq
		_setup_sci
		_setup_tmr
		_sin
 This function is called by:
		Startup code after reset
 This function uses a non-reentrant model


 *************** function _sin *****************
 Defined at:
		line 13 in file "/Applications/microchip/xc8/v1.45/sources/common/sin.c"
 Parameters:    Size  Location     Type
  f               3   76[BANK0 ] int 
 Auto vars:     Size  Location     Type
  x2              3   12[BANK1 ] int 
  y               3    6[BANK1 ] int 
  sgn             1   15[BANK1 ] unsigned char 
 Return value:  Size  Location     Type
                  3   76[BANK0 ] unsigned char 
 Registers used:
		wreg, fsr0l, fsr0h, fsr1l, fsr1h, status,2, status,0, pclath, cstack
 Tracked objects:
		On entry : 
		On exit  : 
		Unchanged: 
 Data sizes:     COMMON   BANK0   BANK1   BANK2   BANK3   BANK4   BANK5   BANK6   BANK7   BANK8   BANK9  BANK10  BANK11  BANK12
      Params:         0       3       0       0       0       0       0       0       0       0       0       0       0       0
      Locals:         0       0      10       0       0       0       0       0       0       0       0       0       0       0
      Temps:          0       1       0       0       0       0       0       0       0       0       0       0       0       0
      Totals:         0       4      10       0       0       0       0       0       0       0       0       0       0       0
Total ram usage:       14 bytes
 Hardware stack levels used:    1
 Hardware stack levels required when called:    5
 This function calls:
		___ftadd
		___ftdiv
		___ftge
		___ftmul
		___ftneg
		___ftsub
		_eval_poly
		_floor
 This function is called by:
		_main
 This function uses a non-reentrant model


 *************** function _floor *****************
 Defined at:
		line 13 in file "/Applications/microchip/xc8/v1.45/sources/common/floor.c"
 Parameters:    Size  Location     Type
  x               3   67[BANK0 ] unsigned char 
 Auto vars:     Size  Location     Type
  i               3   71[BANK0 ] unsigned char 
  expon           2   74[BANK0 ] int 
 Return value:  Size  Location     Type
                  3   67[BANK0 ] int 
 Registers used:
		wreg, fsr1l, fsr1h, status,2, status,0, pclath, cstack
 Tracked objects:
		On entry : 
		On exit  : 
		Unchanged: 
 Data sizes:     COMMON   BANK0   BANK1   BANK2   BANK3   BANK4   BANK5   BANK6   BANK7   BANK8   BANK9  BANK10  BANK11  BANK12
      Params:         0       3       0       0       0       0       0       0       0       0       0       0       0       0
      Locals:         0       5       0       0       0       0       0       0       0       0       0       0       0       0
      Temps:          0       1       0       0       0       0       0       0       0       0       0       0       0       0
      Totals:         0       9       0       0       0       0       0       0       0       0       0       0       0       0
Total ram usage:        9 bytes
 Hardware stack levels used:    1
 Hardware stack levels required when called:    4
 This function calls:
		___altoft
		___ftadd
		___ftge
		___fttol
		_frexp
 This function is called by:
		_sin
 This function uses a non-reentrant model


 *************** function _frexp *****************
 Defined at:
		line 254 in file "/Applications/microchip/xc8/v1.45/sources/common/frexp.c"
 Parameters:    Size  Location     Type
  value           3    2[COMMON] int 
  eptr            1    5[COMMON] PTR int 
		 -> floor@expon(2), 
 Auto vars:     Size  Location     Type
		None
 Return value:  Size  Location     Type
                  3    2[COMMON] PTR int 
 Registers used:
		wreg, fsr1l, fsr1h, status,2, status,0
 Tracked objects:
		On entry : 
		On exit  : 
		Unchanged: 
 Data sizes:     COMMON   BANK0   BANK1   BANK2   BANK3   BANK4   BANK5   BANK6   BANK7   BANK8   BANK9  BANK10  BANK11  BANK12
      Params:         4       0       0       0       0       0       0       0       0       0       0       0       0       0
      Locals:         0       0       0       0       0       0       0       0       0       0       0       0       0       0
      Temps:          2       0       0       0       0       0       0       0       0       0       0       0       0       0
      Totals:         6       0       0       0       0       0       0       0       0       0       0       0       0       0
Total ram usage:        6 bytes
 Hardware stack levels used:    1
 Hardware stack levels required when called:    2
 This function calls:
		Nothing
 This function is called by:
		_floor
 This function uses a non-reentrant model


 *************** function ___fttol *****************
 Defined at:
		line 44 in file "/Applications/microchip/xc8/v1.45/sources/common/fttol.c"
 Parameters:    Size  Location     Type
  f1              3   45[BANK0 ] float 
 Auto vars:     Size  Location     Type
  lval            4   54[BANK0 ] unsigned long 
  exp1            1   58[BANK0 ] unsigned char 
  sign1           1   53[BANK0 ] unsigned char 
 Return value:  Size  Location     Type
                  4   45[BANK0 ] long 
 Registers used:
		wreg, status,2, status,0
 Tracked objects:
		On entry : 
		On exit  : 
		Unchanged: 
 Data sizes:     COMMON   BANK0   BANK1   BANK2   BANK3   BANK4   BANK5   BANK6   BANK7   BANK8   BANK9  BANK10  BANK11  BANK12
      Params:         0       4       0       0       0       0       0       0       0       0       0       0       0       0
      Locals:         0       6       0       0       0       0       0       0       0       0       0       0       0       0
      Temps:          0       4       0       0       0       0       0       0       0       0       0       0       0       0
      Totals:         0      14       0       0       0       0       0       0       0       0       0       0       0       0
Total ram usage:       14 bytes
 Hardware stack levels used:    1
 Hardware stack levels required when called:    2
 This function calls:
		Nothing
 This function is called by:
		_main
		_floor
 This function uses a non-reentrant model


 *************** function ___ftge *****************
 Defined at:
		line 4 in file "/Applications/microchip/xc8/v1.45/sources/common/ftge.c"
 Parameters:    Size  Location     Type
  ff1             3    2[COMMON] float 
  ff2             3    5[COMMON] float 
 Auto vars:     Size  Location     Type
		None
 Return value:  Size  Location     Type
		None               void
 Registers used:
		wreg, status,2, status,0
 Tracked objects:
		On entry : 
		On exit  : 
		Unchanged: 
 Data sizes:     COMMON   BANK0   BANK1   BANK2   BANK3   BANK4   BANK5   BANK6   BANK7   BANK8   BANK9  BANK10  BANK11  BANK12
      Params:         6       0       0       0       0       0       0       0       0       0       0       0       0       0
      Locals:         0       0       0       0       0       0       0       0       0       0       0       0       0       0
      Temps:          0       3       0       0       0       0       0       0       0       0       0       0       0       0
      Totals:         6       3       0       0       0       0       0       0       0       0       0       0       0       0
Total ram usage:        9 bytes
 Hardware stack levels used:    1
 Hardware stack levels required when called:    2
 This function calls:
		Nothing
 This function is called by:
		_main
		_sin
		_floor
 This function uses a non-reentrant model


 *************** function ___altoft *****************
 Defined at:
		line 42 in file "/Applications/microchip/xc8/v1.45/sources/common/altoft.c"
 Parameters:    Size  Location     Type
  c               4   59[BANK0 ] long 
 Auto vars:     Size  Location     Type
  sign            1   66[BANK0 ] unsigned char 
  exp             1   65[BANK0 ] unsigned char 
 Return value:  Size  Location     Type
                  3   59[BANK0 ] float 
 Registers used:
		wreg, status,2, status,0, pclath, cstack
 Tracked objects:
		On entry : 
		On exit  : 
		Unchanged: 
 Data sizes:     COMMON   BANK0   BANK1   BANK2   BANK3   BANK4   BANK5   BANK6   BANK7   BANK8   BANK9  BANK10  BANK11  BANK12
      Params:         0       4       0       0       0       0       0       0       0       0       0       0       0       0
      Locals:         0       2       0       0       0       0       0       0       0       0       0       0       0       0
      Temps:          0       2       0       0       0       0       0       0       0       0       0       0       0       0
      Totals:         0       8       0       0       0       0       0       0       0       0       0       0       0       0
Total ram usage:        8 bytes
 Hardware stack levels used:    1
 Hardware stack levels required when called:    3
 This function calls:
		___ftpack
 This function is called by:
		_floor
 This function uses a non-reentrant model


 *************** function _eval_poly *****************
 Defined at:
		line 4 in file "/Applications/microchip/xc8/v1.45/sources/common/evalpoly.c"
 Parameters:    Size  Location     Type
  x               3   45[BANK0 ] float 
  d               2   48[BANK0 ] PTR const 
		 -> sin@coeff_a(15), sin@coeff_b(12), 
  n               2   50[BANK0 ] int 
 Auto vars:     Size  Location     Type
  res             3   52[BANK0 ] int 
 Return value:  Size  Location     Type
                  3   45[BANK0 ] int 
 Registers used:
		wreg, fsr0l, fsr0h, status,2, status,0, pclath, cstack
 Tracked objects:
		On entry : 
		On exit  : 
		Unchanged: 
 Data sizes:     COMMON   BANK0   BANK1   BANK2   BANK3   BANK4   BANK5   BANK6   BANK7   BANK8   BANK9  BANK10  BANK11  BANK12
      Params:         0       7       0       0       0       0       0       0       0       0       0       0       0       0
      Locals:         0       3       0       0       0       0       0       0       0       0       0       0       0       0
      Temps:          0       0       0       0       0       0       0       0       0       0       0       0       0       0
      Totals:         0      10       0       0       0       0       0       0       0       0       0       0       0       0
Total ram usage:       10 bytes
 Hardware stack levels used:    1
 Hardware stack levels required when called:    4
 This function calls:
		___ftadd
		___ftmul
		___wmul
 This function is called by:
		_sin
 This function uses a non-reentrant model


 *************** function ___wmul *****************
 Defined at:
		line 15 in file "/Applications/microchip/xc8/v1.45/sources/common/Umul16.c"
 Parameters:    Size  Location     Type
  multiplier      2    2[COMMON] unsigned int 
  multiplicand    2    4[COMMON] unsigned int 
 Auto vars:     Size  Location     Type
  product         2    6[COMMON] unsigned int 
 Return value:  Size  Location     Type
                  2    2[COMMON] unsigned int 
 Registers used:
		wreg, status,2, status,0
 Tracked objects:
		On entry : 
		On exit  : 
		Unchanged: 
 Data sizes:     COMMON   BANK0   BANK1   BANK2   BANK3   BANK4   BANK5   BANK6   BANK7   BANK8   BANK9  BANK10  BANK11  BANK12
      Params:         4       0       0       0       0       0       0       0       0       0       0       0       0       0
      Locals:         2       0       0       0       0       0       0       0       0       0       0       0       0       0
      Temps:          0       0       0       0       0       0       0       0       0       0       0       0       0       0
      Totals:         6       0       0       0       0       0       0       0       0       0       0       0       0       0
Total ram usage:        6 bytes
 Hardware stack levels used:    1
 Hardware stack levels required when called:    2
 This function calls:
		Nothing
 This function is called by:
		_eval_poly
 This function uses a non-reentrant model


 *************** function ___ftmul *****************
 Defined at:
		line 62 in file "/Applications/microchip/xc8/v1.45/sources/common/ftmul.c"
 Parameters:    Size  Location     Type
  f1              3    0[BANK0 ] float 
  f2              3    3[BANK0 ] float 
 Auto vars:     Size  Location     Type
  f3_as_produc    3   11[BANK0 ] unsigned um
  sign            1   15[BANK0 ] unsigned char 
  cntr            1   14[BANK0 ] unsigned char 
  exp             1   10[BANK0 ] unsigned char 
 Return value:  Size  Location     Type
                  3    0[BANK0 ] float 
 Registers used:
		wreg, status,2, status,0, pclath, cstack
 Tracked objects:
		On entry : 
		On exit  : 
		Unchanged: 
 Data sizes:     COMMON   BANK0   BANK1   BANK2   BANK3   BANK4   BANK5   BANK6   BANK7   BANK8   BANK9  BANK10  BANK11  BANK12
      Params:         0       6       0       0       0       0       0       0       0       0       0       0       0       0
      Locals:         0       6       0       0       0       0       0       0       0       0       0       0       0       0
      Temps:          0       4       0       0       0       0       0       0       0       0       0       0       0       0
      Totals:         0      16       0       0       0       0       0       0       0       0       0       0       0       0
Total ram usage:       16 bytes
 Hardware stack levels used:    1
 Hardware stack levels required when called:    3
 This function calls:
		___ftpack
 This function is called by:
		_main
		_sin
		_eval_poly
 This function uses a non-reentrant model


 *************** function ___ftsub *****************
 Defined at:
		line 18 in file "/Applications/microchip/xc8/v1.45/sources/common/ftsub.c"
 Parameters:    Size  Location     Type
  f2              3    0[BANK1 ] float 
  f1              3    3[BANK1 ] float 
 Auto vars:     Size  Location     Type
		None
 Return value:  Size  Location     Type
                  3    0[BANK1 ] float 
 Registers used:
		wreg, status,2, status,0, pclath, cstack
 Tracked objects:
		On entry : 
		On exit  : 
		Unchanged: 
 Data sizes:     COMMON   BANK0   BANK1   BANK2   BANK3   BANK4   BANK5   BANK6   BANK7   BANK8   BANK9  BANK10  BANK11  BANK12
      Params:         0       0       6       0       0       0       0       0       0       0       0       0       0       0
      Locals:         0       0       0       0       0       0       0       0       0       0       0       0       0       0
      Temps:          0       0       0       0       0       0       0       0       0       0       0       0       0       0
      Totals:         0       0       6       0       0       0       0       0       0       0       0       0       0       0
Total ram usage:        6 bytes
 Hardware stack levels used:    1
 Hardware stack levels required when called:    4
 This function calls:
		___ftadd
 This function is called by:
		_sin
 This function uses a non-reentrant model


 *************** function ___ftadd *****************
 Defined at:
		line 86 in file "/Applications/microchip/xc8/v1.45/sources/common/ftadd.c"
 Parameters:    Size  Location     Type
  f1              3   32[BANK0 ] float 
  f2              3   35[BANK0 ] float 
 Auto vars:     Size  Location     Type
  exp1            1   44[BANK0 ] unsigned char 
  exp2            1   43[BANK0 ] unsigned char 
  sign            1   42[BANK0 ] unsigned char 
 Return value:  Size  Location     Type
                  3   32[BANK0 ] float 
 Registers used:
		wreg, status,2, status,0, pclath, cstack
 Tracked objects:
		On entry : 
		On exit  : 
		Unchanged: 
 Data sizes:     COMMON   BANK0   BANK1   BANK2   BANK3   BANK4   BANK5   BANK6   BANK7   BANK8   BANK9  BANK10  BANK11  BANK12
      Params:         0       6       0       0       0       0       0       0       0       0       0       0       0       0
      Locals:         0       3       0       0       0       0       0       0       0       0       0       0       0       0
      Temps:          0       4       0       0       0       0       0       0       0       0       0       0       0       0
      Totals:         0      13       0       0       0       0       0       0       0       0       0       0       0       0
Total ram usage:       13 bytes
 Hardware stack levels used:    1
 Hardware stack levels required when called:    3
 This function calls:
		___ftpack
 This function is called by:
		_main
		___ftsub
		_sin
		_eval_poly
		_floor
 This function uses a non-reentrant model


 *************** function ___ftneg *****************
 Defined at:
		line 15 in file "/Applications/microchip/xc8/v1.45/sources/common/ftneg.c"
 Parameters:    Size  Location     Type
  f1              3    2[COMMON] float 
 Auto vars:     Size  Location     Type
		None
 Return value:  Size  Location     Type
                  3    2[COMMON] float 
 Registers used:
		wreg
 Tracked objects:
		On entry : 
		On exit  : 
		Unchanged: 
 Data sizes:     COMMON   BANK0   BANK1   BANK2   BANK3   BANK4   BANK5   BANK6   BANK7   BANK8   BANK9  BANK10  BANK11  BANK12
      Params:         3       0       0       0       0       0       0       0       0       0       0       0       0       0
      Locals:         0       0       0       0       0       0       0       0       0       0       0       0       0       0
      Temps:          0       0       0       0       0       0       0       0       0       0       0       0       0       0
      Totals:         3       0       0       0       0       0       0       0       0       0       0       0       0       0
Total ram usage:        3 bytes
 Hardware stack levels used:    1
 Hardware stack levels required when called:    2
 This function calls:
		Nothing
 This function is called by:
		_sin
 This function uses a non-reentrant model


 *************** function ___ftdiv *****************
 Defined at:
		line 56 in file "/Applications/microchip/xc8/v1.45/sources/common/ftdiv.c"
 Parameters:    Size  Location     Type
  f2              3   16[BANK0 ] float 
  f1              3   19[BANK0 ] float 
 Auto vars:     Size  Location     Type
  f3              3   27[BANK0 ] float 
  sign            1   31[BANK0 ] unsigned char 
  exp             1   30[BANK0 ] unsigned char 
  cntr            1   26[BANK0 ] unsigned char 
 Return value:  Size  Location     Type
                  3   16[BANK0 ] float 
 Registers used:
		wreg, status,2, status,0, pclath, cstack
 Tracked objects:
		On entry : 
		On exit  : 
		Unchanged: 
 Data sizes:     COMMON   BANK0   BANK1   BANK2   BANK3   BANK4   BANK5   BANK6   BANK7   BANK8   BANK9  BANK10  BANK11  BANK12
      Params:         0       6       0       0       0       0       0       0       0       0       0       0       0       0
      Locals:         0       6       0       0       0       0       0       0       0       0       0       0       0       0
      Temps:          0       4       0       0       0       0       0       0       0       0       0       0       0       0
      Totals:         0      16       0       0       0       0       0       0       0       0       0       0       0       0
Total ram usage:       16 bytes
 Hardware stack levels used:    1
 Hardware stack levels required when called:    3
 This function calls:
		___ftpack
 This function is called by:
		_main
		_sin
 This function uses a non-reentrant model


 *************** function _setup_tmr *****************
 Defined at:
		line 185 in file "main.c"
 Parameters:    Size  Location     Type
		None
 Auto vars:     Size  Location     Type
		None
 Return value:  Size  Location     Type
                  1    wreg      void 
 Registers used:
		wreg, status,2
 Tracked objects:
		On entry : 
		On exit  : 
		Unchanged: 
 Data sizes:     COMMON   BANK0   BANK1   BANK2   BANK3   BANK4   BANK5   BANK6   BANK7   BANK8   BANK9  BANK10  BANK11  BANK12
      Params:         0       0       0       0       0       0       0       0       0       0       0       0       0       0
      Locals:         0       0       0       0       0       0       0       0       0       0       0       0       0       0
      Temps:          0       0       0       0       0       0       0       0       0       0       0       0       0       0
      Totals:         0       0       0       0       0       0       0       0       0       0       0       0       0       0
Total ram usage:        0 bytes
 Hardware stack levels used:    1
 Hardware stack levels required when called:    2
 This function calls:
		Nothing
 This function is called by:
		_main
 This function uses a non-reentrant model


 *************** function _setup_sci *****************
 Defined at:
		line 167 in file "main.c"
 Parameters:    Size  Location     Type
		None
 Auto vars:     Size  Location     Type
		None
 Return value:  Size  Location     Type
                  1    wreg      void 
 Registers used:
		wreg, status,2
 Tracked objects:
		On entry : 
		On exit  : 
		Unchanged: 
 Data sizes:     COMMON   BANK0   BANK1   BANK2   BANK3   BANK4   BANK5   BANK6   BANK7   BANK8   BANK9  BANK10  BANK11  BANK12
      Params:         0       0       0       0       0       0       0       0       0       0       0       0       0       0
      Locals:         0       0       0       0       0       0       0       0       0       0       0       0       0       0
      Temps:          0       0       0       0       0       0       0       0       0       0       0       0       0       0
      Totals:         0       0       0       0       0       0       0       0       0       0       0       0       0       0
Total ram usage:        0 bytes
 Hardware stack levels used:    1
 Hardware stack levels required when called:    2
 This function calls:
		Nothing
 This function is called by:
		_main
 This function uses a non-reentrant model


 *************** function _setup_irq *****************
 Defined at:
		line 203 in file "main.c"
 Parameters:    Size  Location     Type
		None
 Auto vars:     Size  Location     Type
		None
 Return value:  Size  Location     Type
                  1    wreg      void 
 Registers used:
		wreg
 Tracked objects:
		On entry : 
		On exit  : 
		Unchanged: 
 Data sizes:     COMMON   BANK0   BANK1   BANK2   BANK3   BANK4   BANK5   BANK6   BANK7   BANK8   BANK9  BANK10  BANK11  BANK12
      Params:         0       0       0       0       0       0       0       0       0       0       0       0       0       0
      Locals:         0       0       0       0       0       0       0       0       0       0       0       0       0       0
      Temps:          0       0       0       0       0       0       0       0       0       0       0       0       0       0
      Totals:         0       0       0       0       0       0       0       0       0       0       0       0       0       0
Total ram usage:        0 bytes
 Hardware stack levels used:    1
 Hardware stack levels required when called:    2
 This function calls:
		Nothing
 This function is called by:
		_main
 This function uses a non-reentrant model


 *************** function _setup_dac *****************
 Defined at:
		line 156 in file "main.c"
 Parameters:    Size  Location     Type
		None
 Auto vars:     Size  Location     Type
		None
 Return value:  Size  Location     Type
                  1    wreg      void 
 Registers used:
		wreg, status,2
 Tracked objects:
		On entry : 
		On exit  : 
		Unchanged: 
 Data sizes:     COMMON   BANK0   BANK1   BANK2   BANK3   BANK4   BANK5   BANK6   BANK7   BANK8   BANK9  BANK10  BANK11  BANK12
      Params:         0       0       0       0       0       0       0       0       0       0       0       0       0       0
      Locals:         0       0       0       0       0       0       0       0       0       0       0       0       0       0
      Temps:          0       0       0       0       0       0       0       0       0       0       0       0       0       0
      Totals:         0       0       0       0       0       0       0       0       0       0       0       0       0       0
Total ram usage:        0 bytes
 Hardware stack levels used:    1
 Hardware stack levels required when called:    2
 This function calls:
		Nothing
 This function is called by:
		_main
 This function uses a non-reentrant model


 *************** function _adconv *****************
 Defined at:
		line 43 in file "main.c"
 Parameters:    Size  Location     Type
		None
 Auto vars:     Size  Location     Type
  temp            2    0[BANK0 ] unsigned int 
 Return value:  Size  Location     Type
                  2    2[COMMON] unsigned int 
 Registers used:
		wreg
 Tracked objects:
		On entry : 
		On exit  : 
		Unchanged: 
 Data sizes:     COMMON   BANK0   BANK1   BANK2   BANK3   BANK4   BANK5   BANK6   BANK7   BANK8   BANK9  BANK10  BANK11  BANK12
      Params:         2       0       0       0       0       0       0       0       0       0       0       0       0       0
      Locals:         0       2       0       0       0       0       0       0       0       0       0       0       0       0
      Temps:          6       0       0       0       0       0       0       0       0       0       0       0       0       0
      Totals:         8       2       0       0       0       0       0       0       0       0       0       0       0       0
Total ram usage:       10 bytes
 Hardware stack levels used:    1
 Hardware stack levels required when called:    2
 This function calls:
		Nothing
 This function is called by:
		_main
 This function uses a non-reentrant model


 *************** function ___lwtoft *****************
 Defined at:
		line 28 in file "/Applications/microchip/xc8/v1.45/sources/common/lwtoft.c"
 Parameters:    Size  Location     Type
  c               2    0[BANK0 ] unsigned int 
 Auto vars:     Size  Location     Type
		None
 Return value:  Size  Location     Type
                  3    0[BANK0 ] float 
 Registers used:
		wreg, status,2, status,0, pclath, cstack
 Tracked objects:
		On entry : 
		On exit  : 
		Unchanged: 
 Data sizes:     COMMON   BANK0   BANK1   BANK2   BANK3   BANK4   BANK5   BANK6   BANK7   BANK8   BANK9  BANK10  BANK11  BANK12
      Params:         0       3       0       0       0       0       0       0       0       0       0       0       0       0
      Locals:         0       0       0       0       0       0       0       0       0       0       0       0       0       0
      Temps:          0       1       0       0       0       0       0       0       0       0       0       0       0       0
      Totals:         0       4       0       0       0       0       0       0       0       0       0       0       0       0
Total ram usage:        4 bytes
 Hardware stack levels used:    1
 Hardware stack levels required when called:    3
 This function calls:
		___ftpack
 This function is called by:
		_main
 This function uses a non-reentrant model


 *************** function ___ftpack *****************
 Defined at:
		line 62 in file "/Applications/microchip/xc8/v1.45/sources/common/float.c"
 Parameters:    Size  Location     Type
  arg             3    2[COMMON] unsigned um
  exp             1    5[COMMON] unsigned char 
  sign            1    6[COMMON] unsigned char 
 Auto vars:     Size  Location     Type
		None
 Return value:  Size  Location     Type
                  3    2[COMMON] float 
 Registers used:
		wreg, status,2, status,0
 Tracked objects:
		On entry : 
		On exit  : 
		Unchanged: 
 Data sizes:     COMMON   BANK0   BANK1   BANK2   BANK3   BANK4   BANK5   BANK6   BANK7   BANK8   BANK9  BANK10  BANK11  BANK12
      Params:         5       0       0       0       0       0       0       0       0       0       0       0       0       0
      Locals:         0       0       0       0       0       0       0       0       0       0       0       0       0       0
      Temps:          3       0       0       0       0       0       0       0       0       0       0       0       0       0
      Totals:         8       0       0       0       0       0       0       0       0       0       0       0       0       0
Total ram usage:        8 bytes
 Hardware stack levels used:    1
 Hardware stack levels required when called:    2
 This function calls:
		Nothing
 This function is called by:
		___altoft
		___ftadd
		___ftdiv
		___ftmul
		___lwtoft
 This function uses a non-reentrant model


 *************** function ___lwdiv *****************
 Defined at:
		line 6 in file "/Applications/microchip/xc8/v1.45/sources/common/lwdiv.c"
 Parameters:    Size  Location     Type
  divisor         2    2[COMMON] unsigned int 
  dividend        2    4[COMMON] unsigned int 
 Auto vars:     Size  Location     Type
  quotient        2    7[COMMON] unsigned int 
  counter         1    9[COMMON] unsigned char 
 Return value:  Size  Location     Type
                  2    2[COMMON] unsigned int 
 Registers used:
		wreg, status,2, status,0
 Tracked objects:
		On entry : 
		On exit  : 
		Unchanged: 
 Data sizes:     COMMON   BANK0   BANK1   BANK2   BANK3   BANK4   BANK5   BANK6   BANK7   BANK8   BANK9  BANK10  BANK11  BANK12
      Params:         4       0       0       0       0       0       0       0       0       0       0       0       0       0
      Locals:         3       0       0       0       0       0       0       0       0       0       0       0       0       0
      Temps:          1       0       0       0       0       0       0       0       0       0       0       0       0       0
      Totals:         8       0       0       0       0       0       0       0       0       0       0       0       0       0
Total ram usage:        8 bytes
 Hardware stack levels used:    1
 Hardware stack levels required when called:    2
 This function calls:
		Nothing
 This function is called by:
		_main
 This function uses a non-reentrant model


 *************** function _isr_func *****************
 Defined at:
		line 215 in file "main.c"
 Parameters:    Size  Location     Type
		None
 Auto vars:     Size  Location     Type
		None
 Return value:  Size  Location     Type
                  1    wreg      void 
 Registers used:
		wreg, status,2, status,0, pclath, cstack
 Tracked objects:
		On entry : 
		On exit  : 
		Unchanged: 
 Data sizes:     COMMON   BANK0   BANK1   BANK2   BANK3   BANK4   BANK5   BANK6   BANK7   BANK8   BANK9  BANK10  BANK11  BANK12
      Params:         0       0       0       0       0       0       0       0       0       0       0       0       0       0
      Locals:         0       0       0       0       0       0       0       0       0       0       0       0       0       0
      Temps:          2       0       0       0       0       0       0       0       0       0       0       0       0       0
      Totals:         2       0       0       0       0       0       0       0       0       0       0       0       0       0
Total ram usage:        2 bytes
 Hardware stack levels used:    1
 Hardware stack levels required when called:    1
 This function calls:
		_flip_led
 This function is called by:
		Interrupt level 1
 This function uses a non-reentrant model


 *************** function _flip_led *****************
 Defined at:
		line 143 in file "main.c"
 Parameters:    Size  Location     Type
		None
 Auto vars:     Size  Location     Type
		None
 Return value:  Size  Location     Type
                  1    wreg      void 
 Registers used:
		status,0
 Tracked objects:
		On entry : 
		On exit  : 
		Unchanged: 
 Data sizes:     COMMON   BANK0   BANK1   BANK2   BANK3   BANK4   BANK5   BANK6   BANK7   BANK8   BANK9  BANK10  BANK11  BANK12
      Params:         0       0       0       0       0       0       0       0       0       0       0       0       0       0
      Locals:         0       0       0       0       0       0       0       0       0       0       0       0       0       0
      Temps:          0       0       0       0       0       0       0       0       0       0       0       0       0       0
      Totals:         0       0       0       0       0       0       0       0       0       0       0       0       0       0
Total ram usage:        0 bytes
 Hardware stack levels used:    1
 This function calls:
		Nothing
 This function is called by:
		_isr_func
 This function uses a non-reentrant model



MODULE INFORMATION

Module		Function		Class		Link	Load	Size
/Applications/microchip/xc8/v1.45/sources/common/float.c
		___ftpack      		CODE           	0686	0000	101

/Applications/microchip/xc8/v1.45/sources/common/float.c estimated size: 101

/Applications/microchip/xc8/v1.45/sources/common/altoft.c
		___altoft      		CODE           	0787	0000	62

/Applications/microchip/xc8/v1.45/sources/common/altoft.c estimated size: 62

/Applications/microchip/xc8/v1.45/sources/common/ftmul.c
		___ftmul       		CODE           	041D	0000	181

/Applications/microchip/xc8/v1.45/sources/common/ftmul.c estimated size: 181

/Applications/microchip/xc8/v1.45/sources/common/sin.c
		_sin           		CODE           	003D	0000	416

/Applications/microchip/xc8/v1.45/sources/common/sin.c estimated size: 416

/Applications/microchip/xc8/v1.45/sources/common/ftdiv.c
		___ftdiv       		CODE           	04D1	0000	170

/Applications/microchip/xc8/v1.45/sources/common/ftdiv.c estimated size: 170

/Applications/microchip/xc8/v1.45/sources/common/frexp.c
		_frexp         		CODE           	07C4	0000	54

/Applications/microchip/xc8/v1.45/sources/common/frexp.c estimated size: 54

/Applications/microchip/xc8/v1.45/sources/common/floor.c
		_floor         		CODE           	0601	0000	134

/Applications/microchip/xc8/v1.45/sources/common/floor.c estimated size: 134

/Applications/microchip/xc8/v1.45/sources/common/fttol.c
		___fttol       		CODE           	057A	0000	136

/Applications/microchip/xc8/v1.45/sources/common/fttol.c estimated size: 136

/Applications/microchip/xc8/v1.45/sources/common/lwdiv.c
		___lwdiv       		CODE           	0FCC	0000	53

/Applications/microchip/xc8/v1.45/sources/common/lwdiv.c estimated size: 53

/Applications/microchip/xc8/v1.45/sources/common/ftge.c
		___ftge        		CODE           	074A	0000	62

/Applications/microchip/xc8/v1.45/sources/common/ftge.c estimated size: 62

/Applications/microchip/xc8/v1.45/sources/common/ftadd.c
		___ftadd       		CODE           	0327	0000	247

/Applications/microchip/xc8/v1.45/sources/common/ftadd.c estimated size: 247

/Applications/microchip/xc8/v1.45/sources/common/Umul16.c
		___wmul        		CODE           	0F60	0000	28

/Applications/microchip/xc8/v1.45/sources/common/Umul16.c estimated size: 28

shared
		__initialization		CODE           	0034	0000	6
		sin@coeff_a    		STRCODE        	1000	0000	16
		sin@coeff_b    		STRCODE        	100F	0000	13

shared estimated size: 35

/Applications/microchip/xc8/v1.45/sources/common/ftneg.c
		___ftneg       		CODE           	0F11	0000	9

/Applications/microchip/xc8/v1.45/sources/common/ftneg.c estimated size: 9

/Applications/microchip/xc8/v1.45/sources/common/ftsub.c
		___ftsub       		CODE           	0F9E	0000	47

/Applications/microchip/xc8/v1.45/sources/common/ftsub.c estimated size: 47

/Applications/microchip/xc8/v1.45/sources/common/evalpoly.c
		_eval_poly     		CODE           	06EA	0000	97

/Applications/microchip/xc8/v1.45/sources/common/evalpoly.c estimated size: 97

main.c
		_isr_func      		CODE           	0004	0000	47
		_setup_dac     		CODE           	07F9	0000	8
		_setup_tmr     		CODE           	0F25	0000	19
		_main          		CODE           	01DC	0000	332
		_adconv        		CODE           	0F7B	0000	36
		_setup_sci     		CODE           	0F37	0000	21
		_flip_led      		CODE           	0F19	0000	13
		_setup_irq     		CODE           	0F09	0000	9

main.c estimated size: 485

/Applications/microchip/xc8/v1.45/sources/common/lwtoft.c
		___lwtoft      		CODE           	0F4B	0000	22

/Applications/microchip/xc8/v1.45/sources/common/lwtoft.c estimated size: 22

